// Jest Snapshot v1, https://goo.gl/fbAQLP

exports[`Test JoinMission component Match Snapshot 1`] = `
<button
  class="leave"
  type="button"
>
  Leave Mission
</button>
`;
